"http://example/resource"	"Bar"
"http://example/resource"	"Foo"
