"http://example/graphB"	"http://example/resource"	"Bar"
"http://example/graphA"	"http://example/resource"	"Foo"
