"http://example/graphA"	"Graph Foo"	"http://example/resource"
