"http://example/graphB"	"http://example/resource1"	"42"
