"http://www.example.org/test#10"
"http://www.example.org/test#11"
"http://www.example.org/test#12"
