"http://www.example.org/test#2"	"true"
"http://www.example.org/test#4"	"true"
"http://www.example.org/test#1"	"true"
"http://www.example.org/test#3"	"true"
