"http://www.example.org/test#1"	">>>bananas<<< lemons lemons"
"http://www.example.org/test#2"	">>>bananas<<< >>>bandanas<<< lemons"
"http://www.example.org/test#3"	">>>bananas<<<"
"http://www.example.org/test#4"	">>>bananas<<< lemons"
