"http://example/1"
"http://example/2"
"http://example/3"
