"http://example/a"	"foo"
"http://example/a"	"bar"
