"http://example/1"	"http://example/b"	"foo"
"http://tracker.api.gnome.org/ontology/v3/nrl#DefaultGraph"	"http://example/a"	"foo"
