"hello"	"This is a "quoted" string"	"hello"	"This is a 'quoted' string"
