"http://example.org/ns#p"	"http://www.w3.org/2000/01/rdf-schema#domain"
"http://example.org/x/p"	"http://www.w3.org/2000/01/rdf-schema#domain"
"http://example.org/x/x"	"http://www.w3.org/1999/02/22-rdf-syntax-ns#type"
