"http://example/graphA"	"1"
"http://example/graphA"	"2"
"http://example/graphA"	"3"
"http://example/graphB"	"1"
"http://example/graphB"	"2"
"http://example/graphB"	"3"
