"http://www.example.org/test#2"
"http://www.example.org/test#3"
"http://www.example.org/test#4"
"http://www.example.org/test#5"
"http://www.example.org/test#6"
"http://www.example.org/test#8"
