"http://purl.org/dc/elements/1.1/date"	
"http://tracker.api.gnome.org/ontology/v3/mfo#downloadedTime"	
"http://tracker.api.gnome.org/ontology/v3/mfo#updatedTime"	
"http://tracker.api.gnome.org/ontology/v3/nao#lastModified"	
"http://tracker.api.gnome.org/ontology/v3/nco#birthDate"	
"http://tracker.api.gnome.org/ontology/v3/nco#presenceLastModified"	
"http://tracker.api.gnome.org/ontology/v3/nfo#deletionDate"	
"http://tracker.api.gnome.org/ontology/v3/nfo#fileCreated"	
"http://tracker.api.gnome.org/ontology/v3/nfo#fileLastAccessed"	
"http://tracker.api.gnome.org/ontology/v3/nfo#fileLastModified"	"true"
