"http://example/x"	"2"	"8"	"string t|string y"
"http://example/z"	"1"	"13"	"string u"
