"http://www.example.org/test#1"	"20.0"
"http://www.example.org/test#2"	"20.0"
"http://www.example.org/test#4"	"20.0"
"http://www.example.org/test#3"	"0.0"
