"http://www.example.org/test#1"	
"http://www.example.org/test#2"	">>>bananas<<< >>>bananas<<<..."
"http://www.example.org/test#4"	">>>bananas<<<..."
"http://www.example.org/test#3"	">>>bananas<<<..."
