"http://tracker.api.gnome.org/ontology/v3/nao#hasTag"
