"Alice"	"Bob"
"Alice"	"Foo"
"Bob"	"Alice"
"Bob"	"Foo"
"Eve"	"Fred"
