"http://example/b"	"http://example/p"	"21"	"http://example/B"
"http://example/b"	"http://www.w3.org/1999/02/22-rdf-syntax-ns#type"	"http://www.w3.org/2000/01/rdf-schema#Resource"	"http://example/B"
"http://example/b"	"http://www.w3.org/1999/02/22-rdf-syntax-ns#type"	"http://example/A"	"http://example/B"
