"http://example.org/ns#group2"	"2009-12-05T00:00:00Z"	"http://example.org/ns#msg5"	"3"
"http://example.org/ns#group1"	"2009-12-02T00:00:00Z"	"http://example.org/ns#msg2"	"2"
