"http://www.example.org/test#20"
"http://www.example.org/test#21"
"http://www.example.org/test#22"
"http://www.example.org/test#23"
"http://www.example.org/test#28"
"http://www.example.org/test#29"
"http://www.example.org/test#30"
"http://www.example.org/test#31"
