"http://www.example.org/test#1"
"http://www.example.org/test#3"
"http://www.example.org/test#5"
"http://www.example.org/test#7"
"http://www.example.org/test#9"
"http://www.example.org/test#11"
"http://www.example.org/test#13"
"http://www.example.org/test#15"
"http://www.example.org/test#17"
"http://www.example.org/test#19"
"http://www.example.org/test#21"
"http://www.example.org/test#23"
"http://www.example.org/test#25"
"http://www.example.org/test#27"
"http://www.example.org/test#29"
"http://www.example.org/test#31"
