"http://www.example.org/test#10"
"http://www.example.org/test#11"
"http://www.example.org/test#14"
"http://www.example.org/test#15"
"http://www.example.org/test#26"
"http://www.example.org/test#27"
"http://www.example.org/test#30"
"http://www.example.org/test#31"
