"http://www.example.org/test#3"
"http://www.example.org/test#7"
"http://www.example.org/test#11"
"http://www.example.org/test#15"
"http://www.example.org/test#19"
"http://www.example.org/test#23"
"http://www.example.org/test#27"
"http://www.example.org/test#31"
