"http://www.example.org/test#10"
"http://www.example.org/test#11"
"http://www.example.org/test#26"
"http://www.example.org/test#27"
