"http://www.w3.org/2001/XMLSchema#integer"	"http://www.w3.org/2001/XMLSchema#double"	"http://www.w3.org/2001/XMLSchema#string"	"http://www.w3.org/2001/XMLSchema#boolean"	"http://www.w3.org/2001/XMLSchema#date"	"http://www.w3.org/2001/XMLSchema#dateType"
