"Alice Hyatt"
"Amelie Colbert"
" Dell Quesada "
"Emily Schwartz"
"Fritz Fischer"
"'Jule Wolk'"
" Kathlene Beckmann "
" Maximilian Muster "
"  Mia Simpson  "
" Torie Baumeister "
