"http://example.org/ns#a2"	"http://example.org/ns#c2"
"http://example.org/ns#c2"	"http://example.org/ns#f"
