"http://example/a"	"http://www.w3.org/1999/02/22-rdf-syntax-ns#type"	"http://example/A"
"http://example/b"	"http://www.w3.org/1999/02/22-rdf-syntax-ns#type"	"http://example/A"
"http://example/c"	"http://www.w3.org/1999/02/22-rdf-syntax-ns#type"	"http://example/A"
"http://example/d"	"http://www.w3.org/1999/02/22-rdf-syntax-ns#type"	"http://example/A"
"http://example/a"	"http://example/name"	"nameA"
"http://example/b"	"http://example/name"	"nameB"
"http://example/c"	"http://example/name"	"nameC"
"http://example/d"	"http://example/name"	"nameD"
