"http://example.org/ns#msg1"
"http://example.org/ns#msg2"
"http://example.org/ns#msg3"
"http://example.org/ns#msg4"
"http://example.org/ns#msg5"
