"b"	"http://example/relation"	"z"
"b"	"http://example/number"	"73"
"b"	"http://example/date"	"2001-01-01T00:00:01Z"
"b"	"http://example/name"	"nameB"
"b"	"http://www.w3.org/1999/02/22-rdf-syntax-ns#type"	"http://www.w3.org/2000/01/rdf-schema#Resource"
"b"	"http://www.w3.org/1999/02/22-rdf-syntax-ns#type"	"http://example/A"
"z"	"http://example/title"	"titleZ"
"z"	"http://www.w3.org/1999/02/22-rdf-syntax-ns#type"	"http://www.w3.org/2000/01/rdf-schema#Resource"
"z"	"http://www.w3.org/1999/02/22-rdf-syntax-ns#type"	"http://example/B"
"c"	"http://example/relation"	"x"
"c"	"http://example/number"	"113"
"c"	"http://example/name"	"nameC"
"c"	"http://www.w3.org/1999/02/22-rdf-syntax-ns#type"	"http://www.w3.org/2000/01/rdf-schema#Resource"
"c"	"http://www.w3.org/1999/02/22-rdf-syntax-ns#type"	"http://example/A"
"x"	"http://example/title"	"titleX"
"x"	"http://www.w3.org/1999/02/22-rdf-syntax-ns#type"	"http://www.w3.org/2000/01/rdf-schema#Resource"
"x"	"http://www.w3.org/1999/02/22-rdf-syntax-ns#type"	"http://example/B"
"d"	"http://example/relation"	"z"
"d"	"http://example/date"	"2002-01-01T00:00:01Z"
"d"	"http://example/name"	"nameD"
"d"	"http://www.w3.org/1999/02/22-rdf-syntax-ns#type"	"http://www.w3.org/2000/01/rdf-schema#Resource"
"d"	"http://www.w3.org/1999/02/22-rdf-syntax-ns#type"	"http://example/A"
