"0001-01-01T00:00:00Z"	"2020-01-01T00:00:00Z"	"9999-01-01T00:00:00Z"
