"2012-02-16T11:00:00Z"
"2011-02-16T11:00:00.123Z"
