"http://example/x"	"0100-12-31T21:00:00-03:00"
"http://example/y"	"0100-12-31T21:00:00.123321-03:00"
"http://example/z"	"0100-12-31T21:00:00.123321Z"
