"http://example/e"	"http://example/s"	"true"	"false"	"false"	"false"		"http://www.w3.org/2001/XMLSchema#string"
"http://example/e"	"http://www.w3.org/1999/02/22-rdf-syntax-ns#type"	"false"	"true"	"true"	"false"		
"http://example/e"	"http://www.w3.org/1999/02/22-rdf-syntax-ns#type"	"false"	"true"	"true"	"false"		
"http://example/q"	"http://example/s"	"true"	"false"	"false"	"false"		"http://www.w3.org/2001/XMLSchema#string"
"http://example/q"	"http://example/t"	"true"	"false"	"false"	"false"		"http://www.w3.org/2001/XMLSchema#string"
"http://example/q"	"http://www.w3.org/1999/02/22-rdf-syntax-ns#type"	"false"	"true"	"true"	"false"		
"http://example/q"	"http://www.w3.org/1999/02/22-rdf-syntax-ns#type"	"false"	"true"	"true"	"false"		
"http://example/r"	"http://www.w3.org/1999/02/22-rdf-syntax-ns#type"	"false"	"true"	"true"	"false"		
"http://example/r"	"http://www.w3.org/1999/02/22-rdf-syntax-ns#type"	"false"	"true"	"true"	"false"		
"http://example/w"	"http://example/s"	"true"	"false"	"false"	"false"		"http://www.w3.org/2001/XMLSchema#string"
"http://example/w"	"http://example/t"	"true"	"false"	"false"	"false"		"http://www.w3.org/2001/XMLSchema#string"
"http://example/w"	"http://www.w3.org/1999/02/22-rdf-syntax-ns#type"	"false"	"true"	"true"	"false"		
"http://example/w"	"http://www.w3.org/1999/02/22-rdf-syntax-ns#type"	"false"	"true"	"true"	"false"		
"http://example/x"	"http://example/s"	"true"	"false"	"false"	"false"		"http://www.w3.org/2001/XMLSchema#string"
"http://example/x"	"http://example/t"	"true"	"false"	"false"	"false"		"http://www.w3.org/2001/XMLSchema#string"
"http://example/x"	"http://example/u"	"true"	"false"	"false"	"false"		"http://www.w3.org/2001/XMLSchema#string"
"http://example/x"	"http://www.w3.org/1999/02/22-rdf-syntax-ns#type"	"false"	"true"	"true"	"false"		
"http://example/x"	"http://www.w3.org/1999/02/22-rdf-syntax-ns#type"	"false"	"true"	"true"	"false"		
"http://example/y"	"http://example/s"	"true"	"false"	"false"	"false"		"http://www.w3.org/2001/XMLSchema#string"
"http://example/y"	"http://example/t"	"true"	"false"	"false"	"false"		"http://www.w3.org/2001/XMLSchema#string"
"http://example/y"	"http://www.w3.org/1999/02/22-rdf-syntax-ns#type"	"false"	"true"	"true"	"false"		
"http://example/y"	"http://www.w3.org/1999/02/22-rdf-syntax-ns#type"	"false"	"true"	"true"	"false"		
"http://example/z"	"http://example/s"	"true"	"false"	"false"	"false"		"http://www.w3.org/2001/XMLSchema#string"
"http://example/z"	"http://example/t"	"true"	"false"	"false"	"false"		"http://www.w3.org/2001/XMLSchema#string"
"http://example/z"	"http://example/u"	"true"	"false"	"false"	"false"		"http://www.w3.org/2001/XMLSchema#string"
"http://example/z"	"http://www.w3.org/1999/02/22-rdf-syntax-ns#type"	"false"	"true"	"true"	"false"		
"http://example/z"	"http://www.w3.org/1999/02/22-rdf-syntax-ns#type"	"false"	"true"	"true"	"false"		
