"a"	"http://www.w3.org/1999/02/22-rdf-syntax-ns#type"	"http://xmlns.com/foaf/0.1/Person"
"b"	"http://www.w3.org/1999/02/22-rdf-syntax-ns#type"	"http://xmlns.com/foaf/0.1/Person"
"c"	"http://www.w3.org/1999/02/22-rdf-syntax-ns#type"	"http://xmlns.com/foaf/0.1/Person"
"d"	"http://www.w3.org/1999/02/22-rdf-syntax-ns#type"	"http://xmlns.com/foaf/0.1/Person"
"a"	"http://xmlns.com/foaf/0.1/name"	"nameA"
"b"	"http://xmlns.com/foaf/0.1/name"	"nameB"
"c"	"http://xmlns.com/foaf/0.1/name"	"nameC"
"d"	"http://xmlns.com/foaf/0.1/name"	"nameD"
"a"	"http://xmlns.com/foaf/0.1/mbox"	"mailto:bob@work"
"b"	"http://xmlns.com/foaf/0.1/mbox"	"mailto:bob@work"
"c"	"http://xmlns.com/foaf/0.1/mbox"	"mailto:bob@work"
"d"	"http://xmlns.com/foaf/0.1/mbox"	"mailto:bob@work"
