"Airport, Bus stop, Harbour, Railway Station, Rest area"
"Amusement park, Cinema, Concert hall, Night club"
"Bank, Factory, Office"
"Bowling, Golf course, Ice hockey hall, Stadium"
"Camping site, Fishing place, Hunting, National park, Playground"
"Church, Mosque"
"City, City center, Town"
"Fast food, Restaurant, Caf√©, Bar"
"Hotel, Camping site"
"Internet Access Point, Public Telephone, Wireless LAN Hot Spot"
"Market Place, Pharmacy, Shop, Shopping Center"
"Monument, Mountain top, Museum"
"My home, My friends home, Fathers summer cottage, Childs school"
"School, College"
"stringly data for nie:description"
"Tourist information office, Government office, Library, Post office, Hospital, Police "
