"http://example/fts1"
"http://example/fts3"
"http://example/fts4"
